2026-01-13T11:52:23.812-05:00  INFO 4925 --- [ImoocMerchants] [main] c.i.p.merchants.MerchantsApplication     : Starting MerchantsApplication using Java 22.0.1 with PID 4925 (/Users/qiaozhibao/Desktop/Java/merchants/target/classes started by qiaozhibao in /Users/qiaozhibao/Desktop/Java/merchants)
2026-01-13T11:52:23.814-05:00 DEBUG 4925 --- [ImoocMerchants] [main] c.i.p.merchants.MerchantsApplication     : Running with Spring Boot v4.0.1, Spring v7.0.2
2026-01-13T11:52:23.814-05:00  INFO 4925 --- [ImoocMerchants] [main] c.i.p.merchants.MerchantsApplication     : No active profile set, falling back to 1 default profile: "default"
2026-01-13T11:52:24.265-05:00  INFO 4925 --- [ImoocMerchants] [main] .s.d.r.c.RepositoryConfigurationDelegate : Bootstrapping Spring Data JPA repositories in DEFAULT mode.
2026-01-13T11:52:24.281-05:00  INFO 4925 --- [ImoocMerchants] [main] .s.d.r.c.RepositoryConfigurationDelegate : Finished Spring Data repository scanning in 7 ms. Found 0 JPA repository interfaces.
2026-01-13T11:52:24.684-05:00  INFO 4925 --- [ImoocMerchants] [main] o.s.boot.tomcat.TomcatWebServer          : Tomcat initialized with port 9527 (http)
2026-01-13T11:52:24.694-05:00  INFO 4925 --- [ImoocMerchants] [main] o.apache.catalina.core.StandardService   : Starting service [Tomcat]
2026-01-13T11:52:24.695-05:00  INFO 4925 --- [ImoocMerchants] [main] o.apache.catalina.core.StandardEngine    : Starting Servlet engine: [Apache Tomcat/11.0.15]
2026-01-13T11:52:24.734-05:00  INFO 4925 --- [ImoocMerchants] [main] b.w.c.s.WebApplicationContextInitializer : Root WebApplicationContext: initialization completed in 893 ms
2026-01-13T11:52:24.839-05:00  INFO 4925 --- [ImoocMerchants] [main] com.zaxxer.hikari.HikariDataSource       : HikariPool-1 - Starting...
2026-01-13T11:52:25.332-05:00  INFO 4925 --- [ImoocMerchants] [main] com.zaxxer.hikari.pool.HikariPool        : HikariPool-1 - Added connection com.mysql.cj.jdbc.ConnectionImpl@236ae13d
2026-01-13T11:52:25.335-05:00  INFO 4925 --- [ImoocMerchants] [main] com.zaxxer.hikari.HikariDataSource       : HikariPool-1 - Start completed.
2026-01-13T11:52:25.364-05:00  INFO 4925 --- [ImoocMerchants] [main] org.hibernate.orm.jpa                    : HHH008540: Processing PersistenceUnitInfo [name: default]
2026-01-13T11:52:25.420-05:00  INFO 4925 --- [ImoocMerchants] [main] org.hibernate.orm.core                   : HHH000001: Hibernate ORM core version 7.2.0.Final
2026-01-13T11:52:25.724-05:00  INFO 4925 --- [ImoocMerchants] [main] o.s.o.j.p.SpringPersistenceUnitInfo      : No LoadTimeWeaver setup: ignoring JPA class transformer
2026-01-13T11:52:25.827-05:00  INFO 4925 --- [ImoocMerchants] [main] org.hibernate.orm.connections.pooling    : HHH10001005: Database info:
	Database JDBC URL [jdbc:mysql://127.0.0.1:3306/passbook?autoReconnect=true]
	Database driver: MySQL Connector/J
	Database dialect: MySQLDialect
	Database version: 9.5
	Default catalog/schema: passbook/undefined
	Autocommit mode: undefined/unknown
	Isolation level: REPEATABLE_READ [default REPEATABLE_READ]
	JDBC fetch size: none
	Pool: DataSourceConnectionProvider
	Minimum pool size: undefined/unknown
	Maximum pool size: undefined/unknown
2026-01-13T11:52:26.178-05:00  INFO 4925 --- [ImoocMerchants] [main] org.hibernate.orm.core                   : HHH000489: No JTA platform available (set 'hibernate.transaction.jta.platform' to enable JTA platform integration)
2026-01-13T11:52:26.183-05:00  INFO 4925 --- [ImoocMerchants] [main] j.LocalContainerEntityManagerFactoryBean : Initialized JPA EntityManagerFactory for persistence unit 'default'
2026-01-13T11:52:26.231-05:00  WARN 4925 --- [ImoocMerchants] [main] JpaBaseConfiguration$JpaWebConfiguration : spring.jpa.open-in-view is enabled by default. Therefore, database queries may be performed during view rendering. Explicitly configure spring.jpa.open-in-view to disable this warning
2026-01-13T11:52:27.374-05:00  INFO 4925 --- [ImoocMerchants] [main] o.s.boot.tomcat.TomcatWebServer          : Tomcat started on port 9527 (http) with context path '/'
2026-01-13T11:52:27.384-05:00  INFO 4925 --- [ImoocMerchants] [main] c.i.p.merchants.MerchantsApplication     : Started MerchantsApplication in 3.965 seconds (process running for 51.427)
2026-01-13T12:35:31.443-05:00  WARN 4925 --- [ImoocMerchants] [HikariPool-1:housekeeper] com.zaxxer.hikari.pool.HikariPool        : HikariPool-1 - Thread starvation or clock leap detected (housekeeper delta=10m4s720ms).
2026-01-13T13:41:28.295-05:00  WARN 4925 --- [ImoocMerchants] [HikariPool-1:housekeeper] com.zaxxer.hikari.pool.HikariPool        : HikariPool-1 - Thread starvation or clock leap detected (housekeeper delta=15m56s298ms).
2026-01-13T14:36:57.391-05:00  WARN 4925 --- [ImoocMerchants] [HikariPool-1:housekeeper] com.zaxxer.hikari.pool.HikariPool        : HikariPool-1 - Thread starvation or clock leap detected (housekeeper delta=55m29s92ms).
2026-01-13T15:04:28.690-05:00  WARN 4925 --- [ImoocMerchants] [HikariPool-1:housekeeper] com.zaxxer.hikari.pool.HikariPool        : HikariPool-1 - Thread starvation or clock leap detected (housekeeper delta=14m59s203ms).
2026-01-13T15:41:19.119-05:00  WARN 4925 --- [ImoocMerchants] [HikariPool-1:housekeeper] com.zaxxer.hikari.pool.HikariPool        : HikariPool-1 - Thread starvation or clock leap detected (housekeeper delta=13m20s146ms).
2026-01-13T15:44:30.389-05:00  WARN 4925 --- [ImoocMerchants] [HikariPool-1:housekeeper] com.zaxxer.hikari.pool.HikariPool        : HikariPool-1 - Thread starvation or clock leap detected (housekeeper delta=2m35s249ms).
2026-01-13T15:49:15.916-05:00  WARN 4925 --- [ImoocMerchants] [HikariPool-1:housekeeper] com.zaxxer.hikari.pool.HikariPool        : HikariPool-1 - Thread starvation or clock leap detected (housekeeper delta=4m45s526ms).
2026-01-13T16:10:43.259-05:00  WARN 4925 --- [ImoocMerchants] [HikariPool-1:housekeeper] com.zaxxer.hikari.pool.HikariPool        : HikariPool-1 - Thread starvation or clock leap detected (housekeeper delta=17m57s294ms).
2026-01-13T16:19:13.901-05:00  WARN 4925 --- [ImoocMerchants] [HikariPool-1:housekeeper] com.zaxxer.hikari.pool.HikariPool        : HikariPool-1 - Thread starvation or clock leap detected (housekeeper delta=8m30s636ms).
2026-01-13T17:45:16.025-05:00  WARN 4925 --- [ImoocMerchants] [HikariPool-1:housekeeper] com.zaxxer.hikari.pool.HikariPool        : HikariPool-1 - Thread starvation or clock leap detected (housekeeper delta=9m59s640ms).
2026-01-13T18:28:58.832-05:00  INFO 4925 --- [ImoocMerchants] [SpringApplicationShutdownHook] o.s.boot.tomcat.GracefulShutdown         : Commencing graceful shutdown. Waiting for active requests to complete
2026-01-13T18:28:58.889-05:00  INFO 4925 --- [ImoocMerchants] [tomcat-shutdown] o.s.boot.tomcat.GracefulShutdown         : Graceful shutdown complete
2026-01-13T18:28:59.009-05:00  INFO 4925 --- [ImoocMerchants] [SpringApplicationShutdownHook] j.LocalContainerEntityManagerFactoryBean : Closing JPA EntityManagerFactory for persistence unit 'default'
2026-01-13T18:28:59.069-05:00  INFO 4925 --- [ImoocMerchants] [SpringApplicationShutdownHook] com.zaxxer.hikari.HikariDataSource       : HikariPool-1 - Shutdown initiated...
2026-01-13T18:28:59.095-05:00  INFO 4925 --- [ImoocMerchants] [SpringApplicationShutdownHook] com.zaxxer.hikari.HikariDataSource       : HikariPool-1 - Shutdown completed.
